src/components/KanbanBoard.tsx(5,45): error TS2307: Cannot find module '@/utils/supabase/client' or its corresponding type declarations.
src/components/KanbanBoard.tsx(7,34): error TS2307: Cannot find module '@/types/database' or its corresponding type declarations.
src/components/KanbanBoard.tsx(8,25): error TS2307: Cannot find module '@/types/auth' or its corresponding type declarations.
src/components/KanbanBoard.tsx(9,34): error TS2307: Cannot find module '@/types/ui' or its corresponding type declarations.
src/components/KanbanBoard.tsx(12,37): error TS2307: Cannot find module '@/app/dashboard/actions' or its corresponding type declarations.
src/components/KanbanBoard.tsx(14,29): error TS2307: Cannot find module '@/utils/logging' or its corresponding type declarations.
src/components/KanbanBoard.tsx(23,8): error TS2307: Cannot find module '@/liveblocks.config' or its corresponding type declarations.
src/components/KanbanBoard.tsx(257,36): error TS2339: Property 'assignees' does not exist on type 'unknown'.
src/components/KanbanBoard.tsx(258,48): error TS2339: Property 'assignees' does not exist on type 'unknown'.
src/components/KanbanBoard.tsx(292,9): error TS2339: Property 'title' does not exist on type 'unknown'.
src/components/KanbanBoard.tsx(293,9): error TS2339: Property 'description' does not exist on type 'unknown'.
src/components/KanbanBoard.tsx(294,9): error TS2339: Property 'category' does not exist on type 'unknown'.
src/components/KanbanBoard.tsx(312,18): error TS2362: The left-hand side of an arithmetic operation must be of type 'any', 'number', 'bigint' or an enum type.
src/components/KanbanBoard.tsx(312,51): error TS2365: Operator '+' cannot be applied to types 'unknown' and 'number'.
src/components/KanbanBoard.tsx(637,14): error TS2322: Type '{ children: string; jsx: true; }' is not assignable to type 'DetailedHTMLProps<StyleHTMLAttributes<HTMLStyleElement>, HTMLStyleElement>'.
  Property 'jsx' does not exist on type 'DetailedHTMLProps<StyleHTMLAttributes<HTMLStyleElement>, HTMLStyleElement>'.
src/components/MemberProfileModal.tsx(4,22): error TS2307: Cannot find module '@/types/database' or its corresponding type declarations.
src/components/MemberProfileModal.tsx(5,41): error TS2307: Cannot find module '@/types/ui' or its corresponding type declarations.
src/components/MemberProfileModal.tsx(115,14): error TS2322: Type '{ children: string; jsx: true; }' is not assignable to type 'DetailedHTMLProps<StyleHTMLAttributes<HTMLStyleElement>, HTMLStyleElement>'.
  Property 'jsx' does not exist on type 'DetailedHTMLProps<StyleHTMLAttributes<HTMLStyleElement>, HTMLStyleElement>'.
src/components/PresenceProvider.tsx(5,45): error TS2307: Cannot find module '@/utils/supabase/client' or its corresponding type declarations.
src/components/PresenceProvider.tsx(6,52): error TS2307: Cannot find module '@/types/ui' or its corresponding type declarations.
src/components/PresenceProvider.tsx(7,34): error TS2307: Cannot find module '@/components/NotificationProvider' or its corresponding type declarations.
src/components/TaskModal.tsx(5,45): error TS2307: Cannot find module '@/utils/supabase/client' or its corresponding type declarations.
src/components/TaskModal.tsx(7,58): error TS2307: Cannot find module '@/types/database' or its corresponding type declarations.
src/components/TaskModal.tsx(9,29): error TS2307: Cannot find module '@/utils/logging' or its corresponding type declarations.
src/components/TaskModal.tsx(24,32): error TS2307: Cannot find module '@/types/ui' or its corresponding type declarations.
src/components/TaskModal.tsx(25,25): error TS2307: Cannot find module '@/types/auth' or its corresponding type declarations.
src/components/TaskModal.tsx(726,16): error TS2322: Type '{ children: string; jsx: true; }' is not assignable to type 'DetailedHTMLProps<StyleHTMLAttributes<HTMLStyleElement>, HTMLStyleElement>'.
  Property 'jsx' does not exist on type 'DetailedHTMLProps<StyleHTMLAttributes<HTMLStyleElement>, HTMLStyleElement>'.
src/components/TeamChat.tsx(5,45): error TS2307: Cannot find module '@/utils/supabase/client' or its corresponding type declarations.
src/components/TeamChat.tsx(13,29): error TS2307: Cannot find module '@/utils/logging' or its corresponding type declarations.
src/components/TeamChat.tsx(14,42): error TS2307: Cannot find module '@/types/ui' or its corresponding type declarations.
src/components/TeamChat.tsx(15,25): error TS2307: Cannot find module '@/types/auth' or its corresponding type declarations.
src/components/TeamChat.tsx(590,15): error TS2322: Type '{ children: string; jsx: true; }' is not assignable to type 'DetailedHTMLProps<StyleHTMLAttributes<HTMLStyleElement>, HTMLStyleElement>'.
  Property 'jsx' does not exist on type 'DetailedHTMLProps<StyleHTMLAttributes<HTMLStyleElement>, HTMLStyleElement>'.
